<?xml version="1.0" encoding="utf-8"?><testsuites name="pytest tests"><testsuite name="pytest" errors="0" failures="0" skipped="0" tests="26" time="0.108" timestamp="2025-10-06T15:14:53.881128+03:00" hostname="MacBookPro"><testcase classname="tests.test_datetime_timezone_fixes.TestDatetimeTimezone" name="test_error_response_timestamp_has_timezone" time="0.001" /><testcase classname="tests.test_datetime_timezone_fixes.TestDatetimeTimezone" name="test_human_validation_request_created_at_has_timezone" time="0.001" /><testcase classname="tests.test_datetime_timezone_fixes.TestDatetimeTimezone" name="test_human_validation_response_validated_at_has_timezone" time="0.000" /><testcase classname="tests.test_datetime_timezone_fixes.TestDatetimeTimezone" name="test_pull_request_info_created_at_with_timezone" time="0.000" /><testcase classname="tests.test_datetime_timezone_fixes.TestPydanticSerializationIntToStr" name="test_task_request_task_id_int_conversion" time="0.000" /><testcase classname="tests.test_datetime_timezone_fixes.TestPydanticSerializationIntToStr" name="test_task_request_serialization_to_json" time="0.000" /><testcase classname="tests.test_datetime_timezone_fixes.TestPydanticSerializationIntToStr" name="test_task_status_response_task_id_conversion" time="0.000" /><testcase classname="tests.test_datetime_timezone_fixes.TestPydanticSerializationIntToStr" name="test_workflow_state_model_workflow_id_conversion" time="0.000" /><testcase classname="tests.test_datetime_timezone_fixes.TestPydanticSerializationIntToStr" name="test_human_validation_request_all_ids_conversion" time="0.001" /><testcase classname="tests.test_datetime_timezone_fixes.TestPydanticSerializationIntToStr" name="test_human_validation_response_validation_id_conversion" time="0.000" /><testcase classname="tests.test_datetime_timezone_fixes.TestPydanticSerializationIntToStr" name="test_human_validation_summary_validation_id_conversion" time="0.000" /><testcase classname="tests.test_datetime_timezone_fixes.TestEdgeCases" name="test_task_request_with_none_values" time="0.000" /><testcase classname="tests.test_datetime_timezone_fixes.TestEdgeCases" name="test_mixed_int_and_str_ids" time="0.000" /><testcase classname="tests.test_datetime_timezone_fixes.TestEdgeCases" name="test_datetime_comparison_after_serialization" time="0.000" /><testcase classname="tests.test_datetime_timezone_fixes.TestRealWorldScenarios" name="test_full_workflow_state_serialization" time="0.000" /><testcase classname="tests.test_datetime_timezone_fixes.TestRealWorldScenarios" name="test_validation_request_with_complex_data" time="0.000" /><testcase classname="tests.test_global_integration_fixes.TestGlobalIntegration" name="test_complete_validation_flow_no_warnings" time="0.000" /><testcase classname="tests.test_global_integration_fixes.TestGlobalIntegration" name="test_multiple_serialization_cycles" time="0.000" /><testcase classname="tests.test_global_integration_fixes.TestGlobalIntegration" name="test_datetime_timezone_consistency" time="0.000" /><testcase classname="tests.test_global_integration_fixes.TestGlobalIntegration" name="test_files_modified_list_validation" time="0.000" /><testcase classname="tests.test_global_integration_fixes.TestGlobalIntegration" name="test_error_scenarios_no_warnings" time="0.000" /><testcase classname="tests.test_global_integration_fixes.TestPerformance" name="test_serialization_performance" time="0.000" /><testcase classname="tests.test_global_integration_fixes.TestPerformance" name="test_validation_performance" time="0.002" /><testcase classname="tests.test_global_integration_fixes.TestRegressionPrevention" name="test_no_naive_datetime_error" time="0.000" /><testcase classname="tests.test_global_integration_fixes.TestRegressionPrevention" name="test_no_pydantic_serialization_warning" time="0.000" /><testcase classname="tests.test_global_integration_fixes.TestRegressionPrevention" name="test_all_datetime_fields_have_timezone" time="0.000" /></testsuite></testsuites>